// Jest Snapshot v1, https://goo.gl/fbAQLP

exports[`Given the Ul component When it is rendered Then should match the snapshot 1`] = `
<DocumentFragment>
  <ul
    class="ui-Ul css-rswhjr-Ul"
  >
    Content
  </ul>
</DocumentFragment>
`;
